$ git config --global user.name "Your Name"
$ git config --global user.email your.email@example.com
git init
git config core.autocrlf true     for removing warning

 git add -A
git status
git commit -m "Initialize repository"
git log


What good does Git do you?

$ ls app/controllers/
application_controller.rb  concerns/
$ rm -rf app/controllers/
$ ls app/controllers/
ls: app/controllers/: No such file or directory
git status
$ git checkout -f
$ git status
# On branch master
nothing to commit (working directory clean)
$ ls app/controllers/
application_controller.rb  concerns/
$ cat ~/.ssh/id_rsa.pub    to see ssh key on computer and sync with github
   if not   ssh-keygen -t rsa -C "your_email@example.com" in c:/user/naveen/.ssh as id_rsa

copy path from git new repository as "git@github.com:nsjasraj/gitTest.git"
git remote add origin git@github.com:nsjasraj/gitTest.git
git push -u origin master

you will see all files in github now




Branch, edit, commit, merge

 we can create a new topic branch by using checkout with the -b flag:
$ git checkout -b modify-README
Switched to a new branch 'modify-README'
$ git branch
  master
* modify-README